#-----------------------------------------------------------
# Vivado v2019.1 (64-bit)
# SW Build 2552052 on Fri May 24 14:47:09 MDT 2019
# IP Build 2548770 on Fri May 24 18:01:18 MDT 2019
# Start of session at: Tue Mar  1 12:52:41 2022
# Process ID: 235477
# Current directory: /home/spixy/Documents/College/EE316/EE316P3/EE316P3/master
# Command line: vivado /home/spixy/Documents/College/EE316/EE316P3/EE316P3/master/master.xpr
# Log file: /home/spixy/Documents/College/EE316/EE316P3/EE316P3/master/vivado.log
# Journal file: /home/spixy/Documents/College/EE316/EE316P3/EE316P3/master/vivado.jou
#-----------------------------------------------------------
start_gui
open_project /home/spixy/Documents/College/EE316/EE316P3/EE316P3/master/master.xpr
reset_run synth_1
launch_runs impl_1 -to_step write_bitstream -jobs 4
wait_on_run impl_1
open_hw
connect_hw_server
open_hw_target
set_property PROGRAM.FILE {/home/spixy/Documents/College/EE316/EE316P3/EE316P3/master/master.runs/impl_1/CoraZ7.bit} [get_hw_devices xc7z010_1]
current_hw_device [get_hw_devices xc7z010_1]
refresh_hw_device -update_hw_probes false [lindex [get_hw_devices xc7z010_1] 0]
set_property PROBES.FILE {} [get_hw_devices xc7z010_1]
set_property FULL_PROBES.FILE {} [get_hw_devices xc7z010_1]
set_property PROGRAM.FILE {/home/spixy/Documents/College/EE316/EE316P3/EE316P3/master/master.runs/impl_1/CoraZ7.bit} [get_hw_devices xc7z010_1]
program_hw_devices [get_hw_devices xc7z010_1]
refresh_hw_device [lindex [get_hw_devices xc7z010_1] 0]
set_property PROBES.FILE {} [get_hw_devices xc7z010_1]
set_property FULL_PROBES.FILE {} [get_hw_devices xc7z010_1]
set_property PROGRAM.FILE {/home/spixy/Documents/College/EE316/EE316P3/EE316P3/master/master.runs/impl_1/CoraZ7.bit} [get_hw_devices xc7z010_1]
program_hw_devices [get_hw_devices xc7z010_1]
refresh_hw_device [lindex [get_hw_devices xc7z010_1] 0]
reset_run synth_1
launch_runs impl_1 -to_step write_bitstream -jobs 4
wait_on_run impl_1
reset_run synth_1
launch_runs impl_1 -to_step write_bitstream -jobs 4
wait_on_run impl_1
set_property PROBES.FILE {} [get_hw_devices xc7z010_1]
set_property FULL_PROBES.FILE {} [get_hw_devices xc7z010_1]
set_property PROGRAM.FILE {/home/spixy/Documents/College/EE316/EE316P3/EE316P3/master/master.runs/impl_1/CoraZ7.bit} [get_hw_devices xc7z010_1]
program_hw_devices [get_hw_devices xc7z010_1]
refresh_hw_device [lindex [get_hw_devices xc7z010_1] 0]
set_property PROBES.FILE {} [get_hw_devices xc7z010_1]
set_property FULL_PROBES.FILE {} [get_hw_devices xc7z010_1]
set_property PROGRAM.FILE {/home/spixy/Documents/College/EE316/EE316P3/EE316P3/master/master.runs/impl_1/CoraZ7.bit} [get_hw_devices xc7z010_1]
program_hw_devices [get_hw_devices xc7z010_1]
refresh_hw_device [lindex [get_hw_devices xc7z010_1] 0]
set_property PROBES.FILE {} [get_hw_devices xc7z010_1]
set_property FULL_PROBES.FILE {} [get_hw_devices xc7z010_1]
set_property PROGRAM.FILE {/home/spixy/Documents/College/EE316/EE316P3/EE316P3/master/master.runs/impl_1/CoraZ7.bit} [get_hw_devices xc7z010_1]
program_hw_devices [get_hw_devices xc7z010_1]
refresh_hw_device [lindex [get_hw_devices xc7z010_1] 0]
set_property PROBES.FILE {} [get_hw_devices xc7z010_1]
set_property FULL_PROBES.FILE {} [get_hw_devices xc7z010_1]
set_property PROGRAM.FILE {/home/spixy/Documents/College/EE316/EE316P3/EE316P3/master/master.runs/impl_1/CoraZ7.bit} [get_hw_devices xc7z010_1]
program_hw_devices [get_hw_devices xc7z010_1]
refresh_hw_device [lindex [get_hw_devices xc7z010_1] 0]
reset_run synth_1
launch_runs impl_1 -to_step write_bitstream -jobs 4
wait_on_run impl_1
open_run impl_1
set_property PROBES.FILE {} [get_hw_devices xc7z010_1]
set_property FULL_PROBES.FILE {} [get_hw_devices xc7z010_1]
set_property PROGRAM.FILE {/home/spixy/Documents/College/EE316/EE316P3/EE316P3/master/master.runs/impl_1/CoraZ7.bit} [get_hw_devices xc7z010_1]
program_hw_devices [get_hw_devices xc7z010_1]
refresh_hw_device [lindex [get_hw_devices xc7z010_1] 0]
reset_run synth_1
launch_runs impl_1 -to_step write_bitstream -jobs 4
wait_on_run impl_1
set_property PROBES.FILE {} [get_hw_devices xc7z010_1]
set_property FULL_PROBES.FILE {} [get_hw_devices xc7z010_1]
set_property PROGRAM.FILE {/home/spixy/Documents/College/EE316/EE316P3/EE316P3/master/master.runs/impl_1/CoraZ7.bit} [get_hw_devices xc7z010_1]
program_hw_devices [get_hw_devices xc7z010_1]
refresh_hw_device [lindex [get_hw_devices xc7z010_1] 0]
reset_run synth_1
launch_runs impl_1 -to_step write_bitstream -jobs 4
wait_on_run impl_1
set_property PROBES.FILE {} [get_hw_devices xc7z010_1]
set_property FULL_PROBES.FILE {} [get_hw_devices xc7z010_1]
set_property PROGRAM.FILE {/home/spixy/Documents/College/EE316/EE316P3/EE316P3/master/master.runs/impl_1/CoraZ7.bit} [get_hw_devices xc7z010_1]
program_hw_devices [get_hw_devices xc7z010_1]
refresh_hw_device [lindex [get_hw_devices xc7z010_1] 0]
set_property PROBES.FILE {} [get_hw_devices xc7z010_1]
set_property FULL_PROBES.FILE {} [get_hw_devices xc7z010_1]
set_property PROGRAM.FILE {/home/spixy/Documents/College/EE316/EE316P3/EE316P3/master/master.runs/impl_1/CoraZ7.bit} [get_hw_devices xc7z010_1]
program_hw_devices [get_hw_devices xc7z010_1]
refresh_hw_device [lindex [get_hw_devices xc7z010_1] 0]
set_property PROBES.FILE {} [get_hw_devices xc7z010_1]
set_property FULL_PROBES.FILE {} [get_hw_devices xc7z010_1]
set_property PROGRAM.FILE {/home/spixy/Documents/College/EE316/EE316P3/EE316P3/master/master.runs/impl_1/CoraZ7.bit} [get_hw_devices xc7z010_1]
program_hw_devices [get_hw_devices xc7z010_1]
refresh_hw_device [lindex [get_hw_devices xc7z010_1] 0]
launch_simulation
open_wave_config /home/spixy/Documents/College/EE316/EE316P3/EE316P3/master/master.sim/sim_1/vivado_tb_CoraZ7_behav.wcfg
source vivado_tb_CoraZ7.tcl
close_sim
export_ip_user_files -of_objects  [get_files /home/spixy/Documents/College/EE316/EE316P3/EE316P3/master/master.src/vivado_tb_CoraZ7.vhd] -no_script -reset -force -quiet
remove_files  -fileset sim_1 /home/spixy/Documents/College/EE316/EE316P3/EE316P3/master/master.src/vivado_tb_CoraZ7.vhd
launch_simulation
open_wave_config /home/spixy/Documents/College/EE316/EE316P3/EE316P3/master/master.sim/sim_1/vivado_tb_CoraZ7_behav.wcfg
source vivado_tb_CoraZ7.tcl
run 1 ms
run 1 ms
run 1 ms
run 1 ms
run 1 ms
run 1 ms
run 50 ms
add_force {/vivado_tb_CoraZ7/btn[1]} -radix hex {1 0ns}
add_force {/vivado_tb_CoraZ7/btn[0]} -radix hex {1 0ns}
run 50 ms
add_force {/vivado_tb_CoraZ7/btn[1]} -radix hex {0 0ns}
add_force {/vivado_tb_CoraZ7/btn[0]} -radix hex {0 0ns}
run 50 ms
run 50 ms
close_sim
close_project
open_project /home/spixy/Documents/College/EE316/EE316P3/EE316P3/master/master.xpr
reset_run synth_1
launch_runs impl_1 -to_step write_bitstream -jobs 4
wait_on_run impl_1
open_hw
launch_simulation
open_wave_config /home/spixy/Documents/College/EE316/EE316P3/EE316P3/master/master.sim/sim_1/vivado_tb_CoraZ7_behav.wcfg
source vivado_tb_CoraZ7.tcl
connect_hw_server
open_hw_target
set_property PROGRAM.FILE {/home/spixy/Documents/College/EE316/EE316P3/EE316P3/master/master.runs/impl_1/CoraZ7.bit} [get_hw_devices xc7z010_1]
current_hw_device [get_hw_devices xc7z010_1]
refresh_hw_device -update_hw_probes false [lindex [get_hw_devices xc7z010_1] 0]
set_property PROBES.FILE {} [get_hw_devices xc7z010_1]
set_property FULL_PROBES.FILE {} [get_hw_devices xc7z010_1]
set_property PROGRAM.FILE {/home/spixy/Documents/College/EE316/EE316P3/EE316P3/master/master.runs/impl_1/CoraZ7.bit} [get_hw_devices xc7z010_1]
program_hw_devices [get_hw_devices xc7z010_1]
refresh_hw_device [lindex [get_hw_devices xc7z010_1] 0]
